// Jest Snapshot v1, https://goo.gl/fbAQLP

exports[`FeedPostShort stories snapshots [snapshot] should render the "With3Items" component story correctly 1`] = `
<div
  class="flex flex-col gap-3 bg-white rounded p-2"
>
  
  
  <div
    class="flex gap-3 items-center"
  >
    <anonymous-stub
      size="sm"
      url="https://picsum.photos/50"
      username="TheBaronless"
    />
    <span>
      TheBaronless shared a song
    </span>
    <div
      class="flex relative flex-shrink-0 gap-2 items-center ml-auto"
    >
      <div
        class="absolute -left-3 w-0 h-0 rounded-full border-3 border-primary"
      />
      <span
        class="text-neutral"
      >
        less than a minute
      </span>
    </div>
  </div>
  <div
    class="flex gap-3 items-center"
  >
    <anonymous-stub
      size="sm"
      url="https://picsum.photos/50?1"
      username="John Gomm"
    />
    <span>
      John Gomm released a new album
    </span>
    <div
      class="flex relative flex-shrink-0 gap-2 items-center ml-auto"
    >
      <div
        class="absolute -left-3 w-0 h-0 rounded-full border-3 border-primary"
      />
      <span
        class="text-neutral"
      >
        about 1 hour
      </span>
    </div>
  </div>
  <div
    class="flex gap-3 items-center"
  >
    <anonymous-stub
      size="sm"
      url="https://picsum.photos/50?2"
      username="John Gomm"
    />
    <span>
      John Gomm shared a playlist
    </span>
    <div
      class="flex relative flex-shrink-0 gap-2 items-center ml-auto"
    >
      <div
        class="absolute -left-3 w-0 h-0 rounded-full border-3 border-primary"
      />
      <span
        class="text-neutral"
      >
        3 days
      </span>
    </div>
  </div>
  
  
  <anonymous-stub />
</div>
`;
